
> vite_react_shadcn_ts@0.0.0 build
> vite build

[36mvite v5.4.19 [32mbuilding for production...[36m[39m
transforming...
[32mÔ£ô[39m 1768 modules transformed.
rendering chunks...
computing gzip size...
[2mdist/[22m[32mindex.html                 [39m[1m[2m  1.47 kB[22m[1m[22m[2m Ôöé gzip:   0.65 kB[22m
[2mdist/[22m[32massets/logo-lLT1I4v2.png   [39m[1m[2m646.64 kB[22m[1m[22m
[2mdist/[22m[35massets/index-CJnvKgIy.css  [39m[1m[2m 69.77 kB[22m[1m[22m[2m Ôöé gzip:  11.64 kB[22m
[2mdist/[22m[36massets/index-Vif1oJCd.js   [39m[1m[33m730.34 kB[39m[22m[2m Ôöé gzip: 184.05 kB[22m
node.exe : [33m
In riga:1 car:1
+ & "C:\Program Files\nodejs/node.exe" "C:\Program Files\nodejs/node_mo ...
+ ~~~~~~~~~~~~~~~~~~~~~~~~~~~~~~~~~~~~~~~~~~~~~~~~~~~~~~~~~~~~~~~~~~~~~
    + CategoryInfo          : NotSpecified: ([33m:String) [], RemoteException
    + FullyQualifiedErrorId : NativeCommandError
 
(!) Some chunks are larger than 500 kB after minification. Consider:
- Using dynamic import() to code-split the application
- Use build.rollupOptions.output.manualChunks to improve chunking: 
https://rollupjs.org/configuration-options/#output-manualchunks
- Adjust chunk size limit for this warning via build.chunkSizeWarningLimit.[39m
[32mÔ£ô built in 3.49s[39m
